<?php

namespace Dubax\Foo;

use DateTime;
use This\Awesome\Use\Statement;

const AA = 'tuzkovy'. 'baterky';

/** @var string */
$bb = 'auto';

$cc;

class Bar
{
	function cleanup($foo, $bar) {
		echo  'something';
		if (/* don't fmt just yet*/ ){
			switch;
		}
	}

	function xx() {
	}
}

function toplevel($n) {
	return 0;
}
